// Jest Snapshot v1, https://goo.gl/fbAQLP

exports[`should render the footer renders correctly the item 1`] = `
<View>
  <AnimatedComponent
    style={
      Array [
        Object {
          "alignItems": "center",
          "backgroundColor": "#c1131f",
          "borderRadius": 100,
          "display": "flex",
          "height": 20,
          "justifyContent": "center",
          "position": "absolute",
          "width": 20,
          "zIndex": 2,
        },
        Object {
          "left": -100,
          "top": 30,
        },
      ]
    }
  >
    <TouchableWithoutFeedback
      onPress={[Function]}
      style={
        Object {
          "paddingTop": 24,
        }
      }
    >
      <Text
        style={
          Object {
            "color": "white",
            "fontSize": 15,
          }
        }
      >
        -
      </Text>
    </TouchableWithoutFeedback>
  </AnimatedComponent>
  <Item
    checkboxClick={[Function]}
    completed={false}
    description="Description1"
    onPress={[Function]}
    title="Title1"
    url=""
  />
</View>
`;
