// Jest Snapshot v1, https://goo.gl/fbAQLP

exports[`should return a method used to add todos returns correctly the method 1`] = `
Object {
  "addToDo": [Function],
}
`;
